// Jest Snapshot v1, https://goo.gl/fbAQLP

exports[`App tests App should render and match snapshot 1`] = `
Object {
  "asFragment": [Function],
  "baseElement": <body>
    <div>
      <div
        class="App"
      >
        <div
          class="MuiPaper-root MuiTableContainer-root MuiPaper-elevation1 MuiPaper-rounded"
        >
          <table
            class="MuiTable-root"
            style="min-width: 650px;"
          >
            <thead
              class="MuiTableHead-root"
            >
              <tr
                class="MuiTableRow-root MuiTableRow-head"
              >
                <th
                  class="MuiTableCell-root MuiTableCell-head"
                  scope="col"
                >
                  Path
                </th>
                <th
                  class="MuiTableCell-root MuiTableCell-head"
                  scope="col"
                >
                  Views
                  <button>
                    ascDesc
                  </button>
                </th>
                <th
                  class="MuiTableCell-root MuiTableCell-head"
                  scope="col"
                >
                  Unique Views
                  <button>
                    ascDesc
                  </button>
                </th>
              </tr>
            </thead>
            <tbody
              class="MuiTableBody-root"
            />
          </table>
        </div>
      </div>
    </div>
  </body>,
  "container": <div>
    <div
      class="App"
    >
      <div
        class="MuiPaper-root MuiTableContainer-root MuiPaper-elevation1 MuiPaper-rounded"
      >
        <table
          class="MuiTable-root"
          style="min-width: 650px;"
        >
          <thead
            class="MuiTableHead-root"
          >
            <tr
              class="MuiTableRow-root MuiTableRow-head"
            >
              <th
                class="MuiTableCell-root MuiTableCell-head"
                scope="col"
              >
                Path
              </th>
              <th
                class="MuiTableCell-root MuiTableCell-head"
                scope="col"
              >
                Views
                <button>
                  ascDesc
                </button>
              </th>
              <th
                class="MuiTableCell-root MuiTableCell-head"
                scope="col"
              >
                Unique Views
                <button>
                  ascDesc
                </button>
              </th>
            </tr>
          </thead>
          <tbody
            class="MuiTableBody-root"
          />
        </table>
      </div>
    </div>
  </div>,
  "debug": [Function],
  "findAllByAltText": [Function],
  "findAllByDisplayValue": [Function],
  "findAllByLabelText": [Function],
  "findAllByPlaceholderText": [Function],
  "findAllByRole": [Function],
  "findAllByTestId": [Function],
  "findAllByText": [Function],
  "findAllByTitle": [Function],
  "findByAltText": [Function],
  "findByDisplayValue": [Function],
  "findByLabelText": [Function],
  "findByPlaceholderText": [Function],
  "findByRole": [Function],
  "findByTestId": [Function],
  "findByText": [Function],
  "findByTitle": [Function],
  "getAllByAltText": [Function],
  "getAllByDisplayValue": [Function],
  "getAllByLabelText": [Function],
  "getAllByPlaceholderText": [Function],
  "getAllByRole": [Function],
  "getAllByTestId": [Function],
  "getAllByText": [Function],
  "getAllByTitle": [Function],
  "getByAltText": [Function],
  "getByDisplayValue": [Function],
  "getByLabelText": [Function],
  "getByPlaceholderText": [Function],
  "getByRole": [Function],
  "getByTestId": [Function],
  "getByText": [Function],
  "getByTitle": [Function],
  "queryAllByAltText": [Function],
  "queryAllByDisplayValue": [Function],
  "queryAllByLabelText": [Function],
  "queryAllByPlaceholderText": [Function],
  "queryAllByRole": [Function],
  "queryAllByTestId": [Function],
  "queryAllByText": [Function],
  "queryAllByTitle": [Function],
  "queryByAltText": [Function],
  "queryByDisplayValue": [Function],
  "queryByLabelText": [Function],
  "queryByPlaceholderText": [Function],
  "queryByRole": [Function],
  "queryByTestId": [Function],
  "queryByText": [Function],
  "queryByTitle": [Function],
  "rerender": [Function],
  "unmount": [Function],
}
`;
